[INFO] [launch]: All log files can be found below /root/.ros/log/2026-08-01-22-14-57-901885-hound-851
[INFO] [launch]: Default logging verbosity is set to INFO
[hound_core] Using SSoT file: /tmp/hound_smoke_ws/src/hound_core/config/SSoT.yaml
[hound_core] hal_monitor DISABLED
[hound_core] mavros DISABLED (fcu_control also off)
[hound_core] stereo_composite ENABLED (modular): serial=030422250301 IR 640x360@60 color=True@30Hz pub=15.0Hz depth=True@15.0Hz align_depth=False visual_preset=3 odom=/visual_slam/tracking/odometry exe=stereo_composite_modular_node
[hound_core] lidar DISABLED
[hound_core] segmentation ENABLED (dora streams): model=CIDAS/clipseg-rd16 res=224 vision=trt groups=['non_traversable', 'people', 'traversable'] (10 sub-prompts) sam=True coarse_trav=False streams=True queue=3
[hound_core] yolo_world DISABLED
[hound_core] vslam DISABLED
[hound_core] ekf DISABLED
[hound_core] nvblox ENABLED: voxel_size=0.05 m use_depth=True use_lidar=False use_color=True color=/segmentation/coarse_traversability people_mask=off lidar=off depth=/camera/depth/image_rect_raw global_frame=odom clear_radius=32.0 m viz_radius=32.0 m
[hound_core] staggered bring-up: stage_delay_s=2.0 (disabled stages skipped, no delay consumed)
[hound_core] stage SKIP: hal
[hound_core] stage SKIP: fcu_control
[hound_core] stage SKIP: mavros
[hound_core] stage SKIP: vesc
[hound_core] stage @0s: camera (1 action(s))
[hound_core] stage SKIP: lidar
[hound_core] stage @2s: segmentation (1 action(s))
[hound_core] stage SKIP: yolo_world
[hound_core] stage SKIP: vslam
[hound_core] stage SKIP: ekf
[hound_core] stage @4s: nvblox (1 action(s))
[INFO] [launch.user]: [hound_core] starting stage: camera
[INFO] [stereo_composite_modular_node-1]: process started with pid [855]
[stereo_composite_modular_node-1] [INFO] [1785622499.475415631] [stereo_composite_node]: cuVSLAM ready (modular; async_sba=true slam_sync=false; IR queue decoupled from color)
[stereo_composite_modular_node-1] [INFO] [1785622499.476047187] [stereo_composite_node]: published 8 static camera TFs
[stereo_composite_modular_node-1] [INFO] [1785622499.476303649] [stereo_composite_node]: color publish: every 2 sensor frame(s) (30 Hz raw → ~15.0 Hz)
[stereo_composite_modular_node-1] [INFO] [1785622499.476655925] [stereo_composite_node]: stereo_composite (modular): serial=030422250301 IR 640x360@60 color=on@30Hz(pub 15.0) depth=on(native) (decoupled sensors) odom=/visual_slam/tracking/odometry
[INFO] [launch.user]: [hound_core] starting stage: segmentation
[INFO] [hound_seg_dora-2]: process started with pid [892]
[hound_seg_dora-2] 22:15:00 DEBUG   clipseg_encoder: daemon::spawner  spawning node
[hound_seg_dora-2] 22:15:00 DEBUG   seg_refine: daemon::spawner  spawning node
[hound_seg_dora-2] 22:15:00 INFO    dora daemon  finished building nodes, spawning...
[hound_seg_dora-2] 22:15:00 INFO    clipseg_encoder: spawner  spawning `/root/colcon_ws/install/perception_models/lib/perception_models/dora_clipseg_encoder` in `/tmp`
[hound_seg_dora-2] 22:15:00 DEBUG   clipseg_encoder: spawner  spawned node with pid 912
[hound_seg_dora-2] 22:15:00 INFO    seg_refine: spawner  spawning `/root/colcon_ws/install/perception_models/lib/perception_models/dora_seg_refine` in `/tmp`
[hound_seg_dora-2] 22:15:00 DEBUG   seg_refine: spawner  spawned node with pid 913
[INFO] [launch.user]: [hound_core] starting stage: nvblox
[INFO] [nvblox_node-3]: process started with pid [932]
[nvblox_node-3] [INFO] [1785622502.439882170] [nvblox_node]: Create nvblox cuda stream with type: kBlocking
[nvblox_node-3] I20260801 22:15:02.488057   932 gpu_hash_interface_impl.cuh:85] Creating a GPUHashImpl with requested capacity of 4096 blocks. Real capacity: 4096
[nvblox_node-3] I20260801 22:15:02.488772   932 layer_cake_impl.h:33] Adding Layer with type: N6nvblox15VoxelBlockLayerINS_9TsdfVoxelEEE, voxel_size: 0.05, and memory_type: kDevice to LayerCake.
[nvblox_node-3] I20260801 22:15:02.516448   932 gpu_hash_interface_impl.cuh:85] Creating a GPUHashImpl with requested capacity of 4096 blocks. Real capacity: 4096
[nvblox_node-3] I20260801 22:15:02.516697   932 layer_cake_impl.h:33] Adding Layer with type: N6nvblox15VoxelBlockLayerINS_10ColorVoxelEEE, voxel_size: 0.05, and memory_type: kDevice to LayerCake.
[nvblox_node-3] I20260801 22:15:02.578814   932 gpu_hash_interface_impl.cuh:85] Creating a GPUHashImpl with requested capacity of 4096 blocks. Real capacity: 4096
[nvblox_node-3] I20260801 22:15:02.579061   932 layer_cake_impl.h:33] Adding Layer with type: N6nvblox15VoxelBlockLayerINS_12FeatureVoxelEEE, voxel_size: 0.05, and memory_type: kDevice to LayerCake.
[nvblox_node-3] I20260801 22:15:02.608631   932 gpu_hash_interface_impl.cuh:85] Creating a GPUHashImpl with requested capacity of 4096 blocks. Real capacity: 4096
[nvblox_node-3] I20260801 22:15:02.608866   932 layer_cake_impl.h:33] Adding Layer with type: N6nvblox15VoxelBlockLayerINS_14FreespaceVoxelEEE, voxel_size: 0.05, and memory_type: kDevice to LayerCake.
[nvblox_node-3] I20260801 22:15:02.628324   932 gpu_hash_interface_impl.cuh:85] Creating a GPUHashImpl with requested capacity of 4096 blocks. Real capacity: 4096
[nvblox_node-3] I20260801 22:15:02.628567   932 layer_cake_impl.h:33] Adding Layer with type: N6nvblox15VoxelBlockLayerINS_14OccupancyVoxelEEE, voxel_size: 0.05, and memory_type: kDevice to LayerCake.
[nvblox_node-3] I20260801 22:15:02.654004   932 gpu_hash_interface_impl.cuh:85] Creating a GPUHashImpl with requested capacity of 4096 blocks. Real capacity: 4096
[nvblox_node-3] I20260801 22:15:02.654235   932 layer_cake_impl.h:33] Adding Layer with type: N6nvblox15VoxelBlockLayerINS_9EsdfVoxelEEE, voxel_size: 0.05, and memory_type: kDevice to LayerCake.
[nvblox_node-3] I20260801 22:15:02.667348   932 gpu_hash_interface_impl.cuh:85] Creating a GPUHashImpl with requested capacity of 4096 blocks. Real capacity: 4096
[nvblox_node-3] I20260801 22:15:02.667580   932 layer_cake_impl.h:33] Adding Layer with type: N6nvblox14MeshBlockLayerINS_5ColorEEE, voxel_size: 0.05, and memory_type: kDevice to LayerCake.
[nvblox_node-3] I20260801 22:15:02.670058   932 gpu_hash_interface_impl.cuh:85] Creating a GPUHashImpl with requested capacity of 4096 blocks. Real capacity: 4096
[nvblox_node-3] I20260801 22:15:02.670324   932 layer_cake_impl.h:33] Adding Layer with type: N6nvblox14MeshBlockLayerINS_5ArrayI6__halfLm128EEEEE, voxel_size: 0.05, and memory_type: kDevice to LayerCake.
[nvblox_node-3] I20260801 22:15:02.670387   932 layer_cake_streamer_impl.h:79] Adding Streamer with type: N6nvblox25LayerStreamerOldestBlocksINS_15VoxelBlockLayerINS_9TsdfVoxelEEEEE to LayerCake.
[nvblox_node-3] I20260801 22:15:02.670414   932 layer_cake_streamer_impl.h:79] Adding Streamer with type: N6nvblox25LayerStreamerOldestBlocksINS_15VoxelBlockLayerINS_10ColorVoxelEEEEE to LayerCake.
[nvblox_node-3] I20260801 22:15:02.670428   932 layer_cake_streamer_impl.h:79] Adding Streamer with type: N6nvblox25LayerStreamerOldestBlocksINS_15VoxelBlockLayerINS_12FeatureVoxelEEEEE to LayerCake.
[nvblox_node-3] I20260801 22:15:02.670436   932 layer_cake_streamer_impl.h:79] Adding Streamer with type: N6nvblox25LayerStreamerOldestBlocksINS_15VoxelBlockLayerINS_14FreespaceVoxelEEEEE to LayerCake.
[nvblox_node-3] I20260801 22:15:02.670444   932 layer_cake_streamer_impl.h:79] Adding Streamer with type: N6nvblox25LayerStreamerOldestBlocksINS_15VoxelBlockLayerINS_14OccupancyVoxelEEEEE to LayerCake.
[nvblox_node-3] I20260801 22:15:02.670451   932 layer_cake_streamer_impl.h:79] Adding Streamer with type: N6nvblox25LayerStreamerOldestBlocksINS_15VoxelBlockLayerINS_9EsdfVoxelEEEEE to LayerCake.
[nvblox_node-3] I20260801 22:15:02.670461   932 layer_cake_streamer_impl.h:79] Adding Streamer with type: N6nvblox25LayerStreamerOldestBlocksINS_14MeshBlockLayerINS_5ColorEEEEE to LayerCake.
[nvblox_node-3] I20260801 22:15:02.670471   932 layer_cake_streamer_impl.h:79] Adding Streamer with type: N6nvblox25LayerStreamerOldestBlocksINS_14MeshBlockLayerINS_5ArrayI6__halfLm128EEEEEEE to LayerCake.
[nvblox_node-3] I20260801 22:15:02.680769   932 gpu_hash_interface_impl.cuh:85] Creating a GPUHashImpl with requested capacity of 4096 blocks. Real capacity: 4096
[nvblox_node-3] I20260801 22:15:02.680976   932 layer_cake_impl.h:33] Adding Layer with type: N6nvblox15VoxelBlockLayerINS_9TsdfVoxelEEE, voxel_size: 0.05, and memory_type: kDevice to LayerCake.
[nvblox_node-3] I20260801 22:15:02.698578   932 gpu_hash_interface_impl.cuh:85] Creating a GPUHashImpl with requested capacity of 4096 blocks. Real capacity: 4096
[nvblox_node-3] I20260801 22:15:02.698797   932 layer_cake_impl.h:33] Adding Layer with type: N6nvblox15VoxelBlockLayerINS_10ColorVoxelEEE, voxel_size: 0.05, and memory_type: kDevice to LayerCake.
[nvblox_node-3] I20260801 22:15:02.751114   932 gpu_hash_interface_impl.cuh:85] Creating a GPUHashImpl with requested capacity of 4096 blocks. Real capacity: 4096
[nvblox_node-3] I20260801 22:15:02.751327   932 layer_cake_impl.h:33] Adding Layer with type: N6nvblox15VoxelBlockLayerINS_12FeatureVoxelEEE, voxel_size: 0.05, and memory_type: kDevice to LayerCake.
[nvblox_node-3] I20260801 22:15:02.771135   932 gpu_hash_interface_impl.cuh:85] Creating a GPUHashImpl with requested capacity of 4096 blocks. Real capacity: 4096
[nvblox_node-3] I20260801 22:15:02.771382   932 layer_cake_impl.h:33] Adding Layer with type: N6nvblox15VoxelBlockLayerINS_14FreespaceVoxelEEE, voxel_size: 0.05, and memory_type: kDevice to LayerCake.
[nvblox_node-3] I20260801 22:15:02.783555   932 gpu_hash_interface_impl.cuh:85] Creating a GPUHashImpl with requested capacity of 4096 blocks. Real capacity: 4096
[nvblox_node-3] I20260801 22:15:02.783785   932 layer_cake_impl.h:33] Adding Layer with type: N6nvblox15VoxelBlockLayerINS_14OccupancyVoxelEEE, voxel_size: 0.05, and memory_type: kDevice to LayerCake.
[nvblox_node-3] I20260801 22:15:02.802201   932 gpu_hash_interface_impl.cuh:85] Creating a GPUHashImpl with requested capacity of 4096 blocks. Real capacity: 4096
[nvblox_node-3] I20260801 22:15:02.802424   932 layer_cake_impl.h:33] Adding Layer with type: N6nvblox15VoxelBlockLayerINS_9EsdfVoxelEEE, voxel_size: 0.05, and memory_type: kDevice to LayerCake.
[nvblox_node-3] I20260801 22:15:02.804749   932 gpu_hash_interface_impl.cuh:85] Creating a GPUHashImpl with requested capacity of 4096 blocks. Real capacity: 4096
[nvblox_node-3] I20260801 22:15:02.804937   932 layer_cake_impl.h:33] Adding Layer with type: N6nvblox14MeshBlockLayerINS_5ColorEEE, voxel_size: 0.05, and memory_type: kDevice to LayerCake.
[nvblox_node-3] I20260801 22:15:02.808089   932 gpu_hash_interface_impl.cuh:85] Creating a GPUHashImpl with requested capacity of 4096 blocks. Real capacity: 4096
[nvblox_node-3] I20260801 22:15:02.808279   932 layer_cake_impl.h:33] Adding Layer with type: N6nvblox14MeshBlockLayerINS_5ArrayI6__halfLm128EEEEE, voxel_size: 0.05, and memory_type: kDevice to LayerCake.
[nvblox_node-3] I20260801 22:15:02.808319   932 layer_cake_streamer_impl.h:79] Adding Streamer with type: N6nvblox25LayerStreamerOldestBlocksINS_15VoxelBlockLayerINS_9TsdfVoxelEEEEE to LayerCake.
[nvblox_node-3] I20260801 22:15:02.808333   932 layer_cake_streamer_impl.h:79] Adding Streamer with type: N6nvblox25LayerStreamerOldestBlocksINS_15VoxelBlockLayerINS_10ColorVoxelEEEEE to LayerCake.
[nvblox_node-3] I20260801 22:15:02.808343   932 layer_cake_streamer_impl.h:79] Adding Streamer with type: N6nvblox25LayerStreamerOldestBlocksINS_15VoxelBlockLayerINS_12FeatureVoxelEEEEE to LayerCake.
[nvblox_node-3] I20260801 22:15:02.808351   932 layer_cake_streamer_impl.h:79] Adding Streamer with type: N6nvblox25LayerStreamerOldestBlocksINS_15VoxelBlockLayerINS_14FreespaceVoxelEEEEE to LayerCake.
[nvblox_node-3] I20260801 22:15:02.808359   932 layer_cake_streamer_impl.h:79] Adding Streamer with type: N6nvblox25LayerStreamerOldestBlocksINS_15VoxelBlockLayerINS_14OccupancyVoxelEEEEE to LayerCake.
[nvblox_node-3] I20260801 22:15:02.808367   932 layer_cake_streamer_impl.h:79] Adding Streamer with type: N6nvblox25LayerStreamerOldestBlocksINS_15VoxelBlockLayerINS_9EsdfVoxelEEEEE to LayerCake.
[nvblox_node-3] I20260801 22:15:02.808382   932 layer_cake_streamer_impl.h:79] Adding Streamer with type: N6nvblox25LayerStreamerOldestBlocksINS_14MeshBlockLayerINS_5ColorEEEEE to LayerCake.
[nvblox_node-3] I20260801 22:15:02.808391   932 layer_cake_streamer_impl.h:79] Adding Streamer with type: N6nvblox25LayerStreamerOldestBlocksINS_14MeshBlockLayerINS_5ArrayI6__halfLm128EEEEEEE to LayerCake.
[nvblox_node-3] [INFO] [1785622502.812868965] [nvblox_node]: Initialize Mapper:
[nvblox_node-3] [INFO] [1785622502.812960426] [nvblox_node]: static_mapper.do_depth_preprocessing: 0
[nvblox_node-3] [INFO] [1785622502.812982411] [nvblox_node]: static_mapper.depth_preprocessing_num_dilations: 4
[nvblox_node-3] [INFO] [1785622502.813028046] [nvblox_node]: static_mapper.esdf_slice_min_height: -0.1
[nvblox_node-3] [INFO] [1785622502.813050863] [nvblox_node]: static_mapper.esdf_slice_max_height: 0.3
[nvblox_node-3] [INFO] [1785622502.816797411] [nvblox_node]: static_mapper.esdf_slice_height: 0
[nvblox_node-3] [INFO] [1785622502.816840325] [nvblox_node]: static_mapper.slice_height_above_plane_m: 0
[nvblox_node-3] [INFO] [1785622502.816862151] [nvblox_node]: static_mapper.slice_height_thickness_m: 0.1
[nvblox_node-3] [INFO] [1785622502.816879176] [nvblox_node]: static_mapper.projective_integrator_max_integration_distance_m: 15
[nvblox_node-3] [INFO] [1785622502.816895720] [nvblox_node]: static_mapper.lidar_projective_integrator_max_integration_distance_m: 15
[nvblox_node-3] [INFO] [1785622502.816910345] [nvblox_node]: static_mapper.projective_integrator_truncation_distance_vox: 4
[nvblox_node-3] [INFO] [1785622502.816926218] [nvblox_node]: static_mapper.projective_integrator_weighting_mode: constant_dropoff
[nvblox_node-3] [INFO] [1785622502.816946763] [nvblox_node]: static_mapper.projective_integrator_max_weight: 5
[nvblox_node-3] [INFO] [1785622502.816961100] [nvblox_node]: static_mapper.projective_tsdf_integrator_invalid_depth_decay_factor: -1
[nvblox_node-3] [INFO] [1785622502.816975149] [nvblox_node]: static_mapper.free_region_occupancy_probability: 0.3
[nvblox_node-3] [INFO] [1785622502.816988910] [nvblox_node]: static_mapper.occupied_region_occupancy_probability: 0.7
[nvblox_node-3] [INFO] [1785622502.817033520] [nvblox_node]: static_mapper.unobserved_region_occupancy_probability: 0.5
[nvblox_node-3] [INFO] [1785622502.817055506] [nvblox_node]: static_mapper.occupied_region_half_width_m: 0.1
[nvblox_node-3] [INFO] [1785622502.817083955] [nvblox_node]: static_mapper.raycast_subsampling_factor: 4
[nvblox_node-3] [INFO] [1785622502.817100628] [nvblox_node]: static_mapper.workspace_bounds_type: kUnbounded
[nvblox_node-3] [WARN] [1785622502.817123477] [nvblox_node]: Requested workspace bounds type: "kUnbounded" not recognized. Defaulting to: kUnbounded
[nvblox_node-3] [INFO] [1785622502.817144823] [nvblox_node]: static_mapper.workspace_bounds_min_height_m: 0
[nvblox_node-3] [INFO] [1785622502.817160279] [nvblox_node]: static_mapper.workspace_bounds_max_height_m: 1
[nvblox_node-3] [INFO] [1785622502.817174232] [nvblox_node]: static_mapper.workspace_bounds_min_corner_x_m: 0
[nvblox_node-3] [INFO] [1785622502.817188057] [nvblox_node]: static_mapper.workspace_bounds_max_corner_x_m: 0
[nvblox_node-3] [INFO] [1785622502.817202170] [nvblox_node]: static_mapper.workspace_bounds_min_corner_y_m: 2
[nvblox_node-3] [INFO] [1785622502.817216443] [nvblox_node]: static_mapper.workspace_bounds_max_corner_y_m: 2
[nvblox_node-3] [INFO] [1785622502.817231483] [nvblox_node]: static_mapper.esdf_integrator_min_weight: 0.1
[nvblox_node-3] [INFO] [1785622502.817245820] [nvblox_node]: static_mapper.esdf_integrator_max_site_distance_vox: 1
[nvblox_node-3] [INFO] [1785622502.817259261] [nvblox_node]: static_mapper.esdf_integrator_max_distance_m: 2
[nvblox_node-3] [INFO] [1785622502.817274366] [nvblox_node]: static_mapper.mesh_integrator_min_weight: 0.0001
[nvblox_node-3] [INFO] [1785622502.817289407] [nvblox_node]: static_mapper.mesh_integrator_weld_vertices: 1
[nvblox_node-3] [INFO] [1785622502.817303168] [nvblox_node]: static_mapper.decay_integrator_deallocate_decayed_blocks: 1
[nvblox_node-3] [INFO] [1785622502.817317760] [nvblox_node]: static_mapper.tsdf_decay_factor: 0.95
[nvblox_node-3] [INFO] [1785622502.817333249] [nvblox_node]: static_mapper.tsdf_decayed_weight_threshold: 0.001
[nvblox_node-3] [INFO] [1785622502.817346978] [nvblox_node]: static_mapper.tsdf_set_free_distance_on_decayed: 0
[nvblox_node-3] [INFO] [1785622502.817360323] [nvblox_node]: static_mapper.tsdf_decayed_free_distance_vox: 4
[nvblox_node-3] [INFO] [1785622502.817373795] [nvblox_node]: static_mapper.free_region_decay_probability: 0.55
[nvblox_node-3] [INFO] [1785622502.817387716] [nvblox_node]: static_mapper.occupied_region_decay_probability: 0.4
[nvblox_node-3] [INFO] [1785622502.817408869] [nvblox_node]: static_mapper.occupancy_decay_to_free: 0
[nvblox_node-3] [INFO] [1785622502.817424774] [nvblox_node]: static_mapper.max_tsdf_distance_for_occupancy_m: 0.15
[nvblox_node-3] [INFO] [1785622502.817444551] [nvblox_node]: static_mapper.max_unobserved_to_keep_consecutive_occupancy_ms: 200
[nvblox_node-3] [INFO] [1785622502.817523148] [nvblox_node]: static_mapper.min_duration_since_occupied_for_freespace_ms: 1000
[nvblox_node-3] [INFO] [1785622502.817543341] [nvblox_node]: static_mapper.min_consecutive_occupancy_duration_for_reset_ms: 2000
[nvblox_node-3] [INFO] [1785622502.817558702] [nvblox_node]: static_mapper.check_neighborhood: 1
[nvblox_node-3] [INFO] [1785622502.817572751] [nvblox_node]: static_mapper.initialize_to_high_confidence_freespace: 0
[nvblox_node-3] [INFO] [1785622502.817586095] [nvblox_node]: Initialize Mapper:
[nvblox_node-3] [INFO] [1785622502.817603440] [nvblox_node]: dynamic_mapper.do_depth_preprocessing: 0
[nvblox_node-3] [INFO] [1785622502.817618225] [nvblox_node]: dynamic_mapper.depth_preprocessing_num_dilations: 4
[nvblox_node-3] [INFO] [1785622502.817633778] [nvblox_node]: dynamic_mapper.esdf_slice_min_height: -0.1
[nvblox_node-3] [INFO] [1785622502.817648467] [nvblox_node]: dynamic_mapper.esdf_slice_max_height: 0.3
[nvblox_node-3] [INFO] [1785622502.817663732] [nvblox_node]: dynamic_mapper.esdf_slice_height: 0
[nvblox_node-3] [INFO] [1785622502.817679189] [nvblox_node]: dynamic_mapper.slice_height_above_plane_m: 0
[nvblox_node-3] [INFO] [1785622502.817693750] [nvblox_node]: dynamic_mapper.slice_height_thickness_m: 0.1
[nvblox_node-3] [INFO] [1785622502.817709430] [nvblox_node]: dynamic_mapper.projective_integrator_max_integration_distance_m: 15
[nvblox_node-3] [INFO] [1785622502.817725111] [nvblox_node]: dynamic_mapper.lidar_projective_integrator_max_integration_distance_m: 15
[nvblox_node-3] [INFO] [1785622502.817740440] [nvblox_node]: dynamic_mapper.projective_integrator_truncation_distance_vox: 4
[nvblox_node-3] [INFO] [1785622502.817754713] [nvblox_node]: dynamic_mapper.projective_integrator_weighting_mode: kInverseSquareWeight
[nvblox_node-3] [WARN] [1785622502.817768218] [nvblox_node]: Requested weighting function: "kInverseSquareWeight" not recognized. Defaulting to: kInverseSquareWeight
[nvblox_node-3] [INFO] [1785622502.817791003] [nvblox_node]: dynamic_mapper.projective_integrator_max_weight: 5
[nvblox_node-3] [INFO] [1785622502.817806684] [nvblox_node]: dynamic_mapper.projective_tsdf_integrator_invalid_depth_decay_factor: -1
[nvblox_node-3] [INFO] [1785622502.817821501] [nvblox_node]: dynamic_mapper.free_region_occupancy_probability: 0.3
[nvblox_node-3] [INFO] [1785622502.817836030] [nvblox_node]: dynamic_mapper.occupied_region_occupancy_probability: 0.9
[nvblox_node-3] [INFO] [1785622502.817851582] [nvblox_node]: dynamic_mapper.unobserved_region_occupancy_probability: 0.35
[nvblox_node-3] [INFO] [1785622502.817866239] [nvblox_node]: dynamic_mapper.occupied_region_half_width_m: 0.2
[nvblox_node-3] [INFO] [1785622502.817878976] [nvblox_node]: dynamic_mapper.raycast_subsampling_factor: 4
[nvblox_node-3] [INFO] [1785622502.817893665] [nvblox_node]: dynamic_mapper.workspace_bounds_type: kUnbounded
[nvblox_node-3] [WARN] [1785622502.817906178] [nvblox_node]: Requested workspace bounds type: "kUnbounded" not recognized. Defaulting to: kUnbounded
[nvblox_node-3] [INFO] [1785622502.817921442] [nvblox_node]: dynamic_mapper.workspace_bounds_min_height_m: 0
[nvblox_node-3] [INFO] [1785622502.817935939] [nvblox_node]: dynamic_mapper.workspace_bounds_max_height_m: 1
[nvblox_node-3] [INFO] [1785622502.817949924] [nvblox_node]: dynamic_mapper.workspace_bounds_min_corner_x_m: 0
[nvblox_node-3] [INFO] [1785622502.817964229] [nvblox_node]: dynamic_mapper.workspace_bounds_max_corner_x_m: 0
[nvblox_node-3] [INFO] [1785622502.817978406] [nvblox_node]: dynamic_mapper.workspace_bounds_min_corner_y_m: 2
[nvblox_node-3] [INFO] [1785622502.817993126] [nvblox_node]: dynamic_mapper.workspace_bounds_max_corner_y_m: 2
[nvblox_node-3] [INFO] [1785622502.818007751] [nvblox_node]: dynamic_mapper.esdf_integrator_min_weight: 2
[nvblox_node-3] [INFO] [1785622502.818022376] [nvblox_node]: dynamic_mapper.esdf_integrator_max_site_distance_vox: 1
[nvblox_node-3] [INFO] [1785622502.818036233] [nvblox_node]: dynamic_mapper.esdf_integrator_max_distance_m: 2
[nvblox_node-3] [INFO] [1785622502.818050634] [nvblox_node]: dynamic_mapper.mesh_integrator_min_weight: 0.0001
[nvblox_node-3] [INFO] [1785622502.818063882] [nvblox_node]: dynamic_mapper.mesh_integrator_weld_vertices: 1
[nvblox_node-3] [INFO] [1785622502.818083756] [nvblox_node]: dynamic_mapper.decay_integrator_deallocate_decayed_blocks: 1
[nvblox_node-3] [INFO] [1785622502.818099148] [nvblox_node]: dynamic_mapper.tsdf_decay_factor: 0.95
[nvblox_node-3] [INFO] [1785622502.818114285] [nvblox_node]: dynamic_mapper.tsdf_decayed_weight_threshold: 0.001
[nvblox_node-3] [INFO] [1785622502.818127950] [nvblox_node]: dynamic_mapper.tsdf_set_free_distance_on_decayed: 0
[nvblox_node-3] [INFO] [1785622502.818142191] [nvblox_node]: dynamic_mapper.tsdf_decayed_free_distance_vox: 4
[nvblox_node-3] [INFO] [1785622502.818177873] [nvblox_node]: dynamic_mapper.free_region_decay_probability: 0.55
[nvblox_node-3] [INFO] [1785622502.818195826] [nvblox_node]: dynamic_mapper.occupied_region_decay_probability: 0.3
[nvblox_node-3] [INFO] [1785622502.818209363] [nvblox_node]: dynamic_mapper.occupancy_decay_to_free: 0
[nvblox_node-3] [INFO] [1785622502.818222931] [nvblox_node]: dynamic_mapper.max_tsdf_distance_for_occupancy_m: 0.15
[nvblox_node-3] [INFO] [1785622502.818235412] [nvblox_node]: dynamic_mapper.max_unobserved_to_keep_consecutive_occupancy_ms: 200
[nvblox_node-3] [INFO] [1785622502.818247669] [nvblox_node]: dynamic_mapper.min_duration_since_occupied_for_freespace_ms: 1000
[nvblox_node-3] [INFO] [1785622502.818259254] [nvblox_node]: dynamic_mapper.min_consecutive_occupancy_duration_for_reset_ms: 2000
[nvblox_node-3] [INFO] [1785622502.818271254] [nvblox_node]: dynamic_mapper.check_neighborhood: 1
[nvblox_node-3] [INFO] [1785622502.818282647] [nvblox_node]: dynamic_mapper.initialize_to_high_confidence_freespace: 0
[nvblox_node-3] [INFO] [1785622502.818296344] [nvblox_node]: Initialize MultiMapper:
[nvblox_node-3] [INFO] [1785622502.818310808] [nvblox_node]: multi_mapper.connected_mask_component_size_threshold: 2000
[nvblox_node-3] [INFO] [1785622502.818323385] [nvblox_node]: multi_mapper.remove_small_connected_components: 1
[nvblox_node-3] [INFO] [1785622502.818335130] [nvblox_node]: multi_mapper.experimental_use_ground_plane_estimation: 0
[nvblox_node-3] [INFO] [1785622502.818348763] [nvblox_node]: multi_mapper.ground_points_candidates_min_z_m: -0.1
[nvblox_node-3] [INFO] [1785622502.818362267] [nvblox_node]: multi_mapper.ground_points_candidates_max_z_m: 0.15
[nvblox_node-3] [INFO] [1785622502.818383325] [nvblox_node]: multi_mapper.ransac_distance_threshold_m: 0.2
[nvblox_node-3] [INFO] [1785622502.818404478] [nvblox_node]: multi_mapper.num_ransac_iterations: 1000
[nvblox_node-3] [INFO] [1785622502.818528165] [nvblox_node]: NvbloxNode::subscribeToTopics()
[nvblox_node-3] [INFO] [1785622502.819388725] [nvblox_node]: Subscribing input topics with QoS: SENSOR_DATA
[nvblox_node-3] [INFO] [1785622502.828785640] [NitrosContext]: [NitrosContext] Loading extension: gxf/lib/std/libgxf_std.so
[nvblox_node-3] [INFO] [1785622502.832991734] [NitrosContext]: [NitrosContext] Loading extension: gxf/lib/cuda/libgxf_cuda.so
[nvblox_node-3] [INFO] [1785622502.849259468] [NitrosContext]: [NitrosContext] Loading extension: gxf/lib/libgxf_isaac_gxf_helpers.so
[nvblox_node-3] [INFO] [1785622502.860159700] [NitrosContext]: [NitrosContext] Loading extension: gxf/lib/libgxf_isaac_sight.so
[nvblox_node-3] [INFO] [1785622502.874310003] [NitrosContext]: [NitrosContext] Loading extension: gxf/lib/libgxf_isaac_atlas.so
[nvblox_node-3] [33m2026-08-01 22:15:02.908 WARN  gxf/std/program.cpp@538: No GXF scheduler specified.[0m
[nvblox_node-3] [INFO] [1785622502.908874036] [NitrosContext]: [NitrosContext] Successfully allocated 3 CUDA streams
[nvblox_node-3] [INFO] [1785622502.909365391] [NitrosContext]: [NitrosContext] Loading extension: gxf/lib/multimedia/libgxf_multimedia.so
[nvblox_node-3] [INFO] [1785622502.921976888] [nvblox_node.ManagedNitrosSubscriber]: Starting Managed Nitros Subscriber
[nvblox_node-3] [INFO] [1785622502.925314452] [nvblox_node.ManagedNitrosSubscriber]: Starting Managed Nitros Subscriber
[nvblox_node-3] [INFO] [1785622502.928228921] [nvblox_node]: NvbloxNode::setupTimers()
[nvblox_node-3] [INFO] [1785622502.928371905] [nvblox_node]: NvbloxNode::advertiseTopics()
[nvblox_node-3] [INFO] [1785622502.938659494] [nvblox_node]: NvbloxNode::advertiseServices()
[nvblox_node-3] [INFO] [1785622502.943494871] [nvblox_node]: Started up nvblox node in frame odom and voxel size 0.05
[nvblox_node-3] [INFO] [1785622502.943571163] [nvblox_node]: Mapping type: kStaticTsdf
[nvblox_node-3] [INFO] [1785622502.944855012] [nvblox_node]: nvblox parameters:
[nvblox_node-3] nvblox_node
[nvblox_node-3]     cuda_stream_type: kBlocking
[nvblox_node-3]     global_frame: odom
[nvblox_node-3]     voxel_size: 0.050000
[nvblox_node-3]     max_back_projection_distance: 32.000000
[nvblox_node-3]     layer_visualization_min_tsdf_weight: 0.100000
[nvblox_node-3]     layer_visualization_exclusion_height_m: 3.000000
[nvblox_node-3]     layer_visualization_exclusion_radius_m: 32.000000
[nvblox_node-3]     layer_streamer_bandwidth_limit_mbps: 30.000000
[nvblox_node-3]     distance_map_unknown_value_optimistic: 1000.000000
[nvblox_node-3]     distance_map_unknown_value_pessimistic: -1000.000000
[nvblox_node-3]     esdf_mode: 2d
[nvblox_node-3]     mapping_type: static_tsdf
[nvblox_node-3]     pose_frame: base_link
[nvblox_node-3]     map_clearing_frame_id: camera_link
[nvblox_node-3]     after_shutdown_map_save_path: 
[nvblox_node-3]     esdf_slice_bounds_visualization_attachment_frame_id: camera_link
[nvblox_node-3]     workspace_height_bounds_visualization_attachment_frame_id: base_link
[nvblox_node-3]     ground_plane_visualization_attachment_frame_id: base_link
[nvblox_node-3]     publish_esdf_distance_slice: 1
[nvblox_node-3]     use_color: 1
[nvblox_node-3]     use_depth: 1
[nvblox_node-3]     use_segmentation: 0
[nvblox_node-3]     use_lidar: 0
[nvblox_node-3]     use_non_equal_vertical_fov_lidar_params: 0
[nvblox_node-3]     print_timings_to_console: 0
[nvblox_node-3]     print_rates_to_console: 0
[nvblox_node-3]     print_queue_drops_to_console: 0
[nvblox_node-3]     print_delays_to_console: 0
[nvblox_node-3]     layer_visualization_undo_gamma_correction: 0
[nvblox_node-3]     output_pessimistic_distance_map: 1
[nvblox_node-3]     num_cameras: 1
[nvblox_node-3]     lidar_width: 360
[nvblox_node-3]     lidar_height: 90
[nvblox_node-3]     tick_period_ms: 10
[nvblox_node-3]     print_statistics_on_console_period_ms: 10000
[nvblox_node-3]     maximum_input_queue_length: 10
[nvblox_node-3]     back_projection_subsampling: 1
[nvblox_node-3]     lidar_vertical_fov_rad: 2.094395
[nvblox_node-3]     lidar_min_valid_range_m: 0.100000
[nvblox_node-3]     min_angle_below_zero_elevation_rad: 0.349066
[nvblox_node-3]     max_angle_above_zero_elevation_rad: 0.261799
[nvblox_node-3]     use_lidar_motion_compensation: 0
[nvblox_node-3]     pointcloud2_timestamps_are_relative: 0
[nvblox_node-3]     esdf_slice_bounds_visualization_side_length: 10.000000
[nvblox_node-3]     workspace_height_bounds_visualization_side_length: 10.000000
[nvblox_node-3]     ground_plane_visualization_side_length: 10.000000
[nvblox_node-3]     integrate_depth_rate_hz: 20.000000
[nvblox_node-3]     integrate_color_rate_hz: 20.000000
[nvblox_node-3]     integrate_lidar_rate_hz: 10.000000
[nvblox_node-3]     update_mesh_rate_hz: 10.000000
[nvblox_node-3]     update_esdf_rate_hz: 20.000000
[nvblox_node-3]     publish_layer_rate_hz: 10.000000
[nvblox_node-3]     publish_debug_vis_rate_hz: 2.000000
[nvblox_node-3]     decay_tsdf_rate_hz: 0.000000
[nvblox_node-3]     decay_dynamic_occupancy_rate_hz: 10.000000
[nvblox_node-3]     clear_map_outside_radius_rate_hz: 1.000000
[nvblox_node-3]     map_clearing_radius_m: 32.000000
[nvblox_node-3]     esdf_and_gradients_unobserved_value: -1000.000000
[nvblox_node-3]     multi_mapper
[nvblox_node-3]         connected_mask_component_size_threshold: 2000
[nvblox_node-3]         background_mapper
[nvblox_node-3]             voxel_size_m: 0.050000
[nvblox_node-3]             projective_layer_type: kTsdf
[nvblox_node-3]             esdf_mode: kUnset
[nvblox_node-3]             do_depth_preprocessing: 0
[nvblox_node-3]             depth_preprocessing_num_dilations: 4
[nvblox_node-3]             camera_tsdf_integrator
[nvblox_node-3]                 max_weight:: 5.000000
[nvblox_node-3]                 marked_unobserved_voxels_distance_m:: -1.000000
[nvblox_node-3]                 marked_unobserved_voxels_weight:: 0.100000
[nvblox_node-3]                 weighting_function_type:: kConstantDropoffWeight
[nvblox_node-3]                 invalid_depth_decay_factor:: -1.000000
[nvblox_node-3]                 projective_integrator
[nvblox_node-3]                     truncation_distance_vox:: 4.000000
[nvblox_node-3]                     max_integration_distance_m:: 15.000000
[nvblox_node-3]                     view_calculator
[nvblox_node-3]                         raycast_subsampling_factor: 4
[nvblox_node-3]                         workspace_bounds_type: kUnbounded
[nvblox_node-3]                         workspace_bounds_min_height_m: 0.000000
[nvblox_node-3]                         workspace_bounds_max_height_m: 1.000000
[nvblox_node-3]                         workspace_bounds_min_corner_x_m: 0.000000
[nvblox_node-3]                         workspace_bounds_max_corner_x_m: 0.000000
[nvblox_node-3]                         workspace_bounds_min_corner_y_m: 2.000000
[nvblox_node-3]                         workspace_bounds_max_corner_y_m: 2.000000
[nvblox_node-3]             lidar_tsdf_integrator
[nvblox_node-3]                 max_weight:: 5.000000
[nvblox_node-3]                 marked_unobserved_voxels_distance_m:: -1.000000
[nvblox_node-3]                 marked_unobserved_voxels_weight:: 0.100000
[nvblox_node-3]                 weighting_function_type:: kConstantDropoffWeight
[nvblox_node-3]                 invalid_depth_decay_factor:: -1.000000
[nvblox_node-3]                 projective_integrator
[nvblox_node-3]                     truncation_distance_vox:: 4.000000
[nvblox_node-3]                     max_integration_distance_m:: 15.000000
[nvblox_node-3]                     view_calculator
[nvblox_node-3]                         raycast_subsampling_factor: 4
[nvblox_node-3]                         workspace_bounds_type: kUnbounded
[nvblox_node-3]                         workspace_bounds_min_height_m: 0.000000
[nvblox_node-3]                         workspace_bounds_max_height_m: 1.000000
[nvblox_node-3]                         workspace_bounds_min_corner_x_m: 0.000000
[nvblox_node-3]                         workspace_bounds_max_corner_x_m: 0.000000
[nvblox_node-3]                         workspace_bounds_min_corner_y_m: 2.000000
[nvblox_node-3]                         workspace_bounds_max_corner_y_m: 2.000000
[nvblox_node-3]             projective_appearance_integrator
[nvblox_node-3]                 sphere_tracing_ray_subsampling_factor:: 4
[nvblox_node-3]                 max_weight:: 5.000000
[nvblox_node-3]                 measurement_weight:: 0.800000
[nvblox_node-3]                 weighting_function_type:: kConstantDropoffWeight
[nvblox_node-3]                 projective_integrator
[nvblox_node-3]                     truncation_distance_vox:: 4.000000
[nvblox_node-3]                     max_integration_distance_m:: 15.000000
[nvblox_node-3]                     view_calculator
[nvblox_node-3]                         raycast_subsampling_factor: 4
[nvblox_node-3]                         workspace_bounds_type: kUnbounded
[nvblox_node-3]                         workspace_bounds_min_height_m: 0.000000
[nvblox_node-3]                         workspace_bounds_max_height_m: 1.000000
[nvblox_node-3]                         workspace_bounds_min_corner_x_m: 0.000000
[nvblox_node-3]                         workspace_bounds_max_corner_x_m: 0.000000
[nvblox_node-3]                         workspace_bounds_min_corner_y_m: 2.000000
[nvblox_node-3]                         workspace_bounds_max_corner_y_m: 2.000000
[nvblox_node-3]                 view_calculator
[nvblox_node-3]                     raycast_subsampling_factor: 4
[nvblox_node-3]                     workspace_bounds_type: kUnbounded
[nvblox_node-3]                     workspace_bounds_min_height_m: 0.000000
[nvblox_node-3]                     workspace_bounds_max_height_m: 1.000000
[nvblox_node-3]                     workspace_bounds_min_corner_x_m: 0.000000
[nvblox_node-3]                     workspace_bounds_max_corner_x_m: 0.000000
[nvblox_node-3]                     workspace_bounds_min_corner_y_m: 2.000000
[nvblox_node-3]                     workspace_bounds_max_corner_y_m: 2.000000
[nvblox_node-3]             projective_appearance_integrator
[nvblox_node-3]                 sphere_tracing_ray_subsampling_factor:: 4
[nvblox_node-3]                 max_weight:: 5.000000
[nvblox_node-3]                 measurement_weight:: 0.800000
[nvblox_node-3]                 weighting_function_type:: kConstantDropoffWeight
[nvblox_node-3]                 projective_integrator
[nvblox_node-3]                     truncation_distance_vox:: 4.000000
[nvblox_node-3]                     max_integration_distance_m:: 15.000000
[nvblox_node-3]                     view_calculator
[nvblox_node-3]                         raycast_subsampling_factor: 4
[nvblox_node-3]                         workspace_bounds_type: kUnbounded
[nvblox_node-3]                         workspace_bounds_min_height_m: 0.000000
[nvblox_node-3]                         workspace_bounds_max_height_m: 1.000000
[nvblox_node-3]                         workspace_bounds_min_corner_x_m: 0.000000
[nvblox_node-3]                         workspace_bounds_max_corner_x_m: 0.000000
[nvblox_node-3]                         workspace_bounds_min_corner_y_m: 2.000000
[nvblox_node-3]                         workspace_bounds_max_corner_y_m: 2.000000
[nvblox_node-3]                 view_calculator
[nvblox_node-3]                     raycast_subsampling_factor: 4
[nvblox_node-3]                     workspace_bounds_type: kUnbounded
[nvblox_node-3]                     workspace_bounds_min_height_m: 0.000000
[nvblox_node-3]                     workspace_bounds_max_height_m: 1.000000
[nvblox_node-3]                     workspace_bounds_min_corner_x_m: 0.000000
[nvblox_node-3]                     workspace_bounds_max_corner_x_m: 0.000000
[nvblox_node-3]                     workspace_bounds_min_corner_y_m: 2.000000
[nvblox_node-3]                     workspace_bounds_max_corner_y_m: 2.000000
[nvblox_node-3]             camera_occupancy_integrator
[nvblox_node-3]                 free_region_log_odds:: -0.847298
[nvblox_node-3]                 occupied_region_log_odds:: 0.847298
[nvblox_node-3]                 unobserved_region_log_odds:: 0.000000
[nvblox_node-3]                 occupied_region_half_width_m:: 0.100000
[nvblox_node-3]                 projective_integrator
[nvblox_node-3]                     truncation_distance_vox:: 4.000000
[nvblox_node-3]                     max_integration_distance_m:: 15.000000
[nvblox_node-3]                     view_calculator
[nvblox_node-3]                         raycast_subsampling_factor: 4
[nvblox_node-3]                         workspace_bounds_type: kUnbounded
[nvblox_node-3]                         workspace_bounds_min_height_m: 0.000000
[nvblox_node-3]                         workspace_bounds_max_height_m: 1.000000
[nvblox_node-3]                         workspace_bounds_min_corner_x_m: 0.000000
[nvblox_node-3]                         workspace_bounds_max_corner_x_m: 0.000000
[nvblox_node-3]                         workspace_bounds_min_corner_y_m: 2.000000
[nvblox_node-3]                         workspace_bounds_max_corner_y_m: 2.000000
[nvblox_node-3]             lidar_occupancy_integrator
[nvblox_node-3]                 free_region_log_odds:: -0.847298
[nvblox_node-3]                 occupied_region_log_odds:: 0.847298
[nvblox_node-3]                 unobserved_region_log_odds:: 0.000000
[nvblox_node-3]                 occupied_region_half_width_m:: 0.100000
[nvblox_node-3]                 projective_integrator
[nvblox_node-3]                     truncation_distance_vox:: 4.000000
[nvblox_node-3]                     max_integration_distance_m:: 15.000000
[nvblox_node-3]                     view_calculator
[nvblox_node-3]                         raycast_subsampling_factor: 4
[nvblox_node-3]                         workspace_bounds_type: kUnbounded
[nvblox_node-3]                         workspace_bounds_min_height_m: 0.000000
[nvblox_node-3]                         workspace_bounds_max_height_m: 1.000000
[nvblox_node-3]                         workspace_bounds_min_corner_x_m: 0.000000
[nvblox_node-3]                         workspace_bounds_max_corner_x_m: 0.000000
[nvblox_node-3]                         workspace_bounds_min_corner_y_m: 2.000000
[nvblox_node-3]                         workspace_bounds_max_corner_y_m: 2.000000
[nvblox_node-3]             esdf_integrator
[nvblox_node-3]                 max_esdf_distance_m:: 2.000000
[nvblox_node-3]                 max_tsdf_site_distance_vox:: 1.000000
[nvblox_node-3]                 tsdf_min_weight:: 0.100000
[nvblox_node-3]                 occupied_threshold_log_odds:: 0.000000
[nvblox_node-3]                 esdf_slice_min_height:: -0.100000
[nvblox_node-3]                 esdf_slice_max_height:: 0.300000
[nvblox_node-3]                 esdf_slice_height:: 0.000000
[nvblox_node-3]                 slice_height_above_plane_m:: 0.000000
[nvblox_node-3]                 slice_height_thickness_m:: 0.100000
[nvblox_node-3]             mesh_integrator
[nvblox_node-3]                 min_weight:: 0.000100
[nvblox_node-3]                 cutoff_distance_vox:: 5.000000
[nvblox_node-3]                 weld_vertices:: 1
[nvblox_node-3]             mesh_integrator
[nvblox_node-3]                 min_weight:: 0.000100
[nvblox_node-3]                 cutoff_distance_vox:: 5.000000
[nvblox_node-3]                 weld_vertices:: 1
[nvblox_node-3]             occupancy_decay_integrator
[nvblox_node-3]                 free_space_decay_log_odds:: 0.200671
[nvblox_node-3]                 occupied_space_decay_log_odds:: -0.405465
[nvblox_node-3]                 decay_to_log_odds_:: 0.000000
[nvblox_node-3]                 decay_integrator
[nvblox_node-3]                     deallocate_decayed_blocks:: 1
[nvblox_node-3]             tsdf_decay_integrator
[nvblox_node-3]                 decay_factor:: 0.950000
[nvblox_node-3]                 decayed_weight_theshold:: 0.001000
[nvblox_node-3]                 set_free_distance_on_decayed:: 0
[nvblox_node-3]                 free_distance_vox:: 4.000000
[nvblox_node-3]                 decay_integrator
[nvblox_node-3]                     deallocate_decayed_blocks:: 1
[nvblox_node-3]             freespace_integrator
[nvblox_node-3]                 max_tsdf_distance_for_occupancy_m:: 0.150000
[nvblox_node-3]                 max_unobserved_to_keep_consecutive_occupancy_ms:: 200
[nvblox_node-3]                 min_duration_since_occupied_for_freespace_ms:: 1000
[nvblox_node-3]                 min_consecutive_occupancy_duration_for_reset_ms:: 2000
[nvblox_node-3]                 check_neighborhood:: 1
[nvblox_node-3]                 initialize_to_high_confidence_freespace:: 0
[nvblox_node-3]         foreground_mapper
[nvblox_node-3]             voxel_size_m: 0.050000
[nvblox_node-3]             projective_layer_type: kNone
[nvblox_node-3]             esdf_mode: kUnset
[nvblox_node-3]             do_depth_preprocessing: 0
[nvblox_node-3]             depth_preprocessing_num_dilations: 4
[nvblox_node-3]             camera_tsdf_integrator
[nvblox_node-3]                 max_weight:: 5.000000
[nvblox_node-3]                 marked_unobserved_voxels_distance_m:: -1.000000
[nvblox_node-3]                 marked_unobserved_voxels_weight:: 0.100000
[nvblox_node-3]                 weighting_function_type:: kInverseSquareWeight
[nvblox_node-3]                 invalid_depth_decay_factor:: -1.000000
[nvblox_node-3]                 projective_integrator
[nvblox_node-3]                     truncation_distance_vox:: 4.000000
[nvblox_node-3]                     max_integration_distance_m:: 15.000000
[nvblox_node-3]                     view_calculator
[nvblox_node-3]                         raycast_subsampling_factor: 4
[nvblox_node-3]                         workspace_bounds_type: kUnbounded
[nvblox_node-3]                         workspace_bounds_min_height_m: 0.000000
[nvblox_node-3]                         workspace_bounds_max_height_m: 1.000000
[nvblox_node-3]                         workspace_bounds_min_corner_x_m: 0.000000
[nvblox_node-3]                         workspace_bounds_max_corner_x_m: 0.000000
[nvblox_node-3]                         workspace_bounds_min_corner_y_m: 2.000000
[nvblox_node-3]                         workspace_bounds_max_corner_y_m: 2.000000
[nvblox_node-3]             lidar_tsdf_integrator
[nvblox_node-3]                 max_weight:: 5.000000
[nvblox_node-3]                 marked_unobserved_voxels_distance_m:: -1.000000
[nvblox_node-3]                 marked_unobserved_voxels_weight:: 0.100000
[nvblox_node-3]                 weighting_function_type:: kInverseSquareWeight
[nvblox_node-3]                 invalid_depth_decay_factor:: -1.000000
[nvblox_node-3]                 projective_integrator
[nvblox_node-3]                     truncation_distance_vox:: 4.000000
[nvblox_node-3]                     max_integration_distance_m:: 15.000000
[nvblox_node-3]                     view_calculator
[nvblox_node-3]                         raycast_subsampling_factor: 4
[nvblox_node-3]                         workspace_bounds_type: kUnbounded
[nvblox_node-3]                         workspace_bounds_min_height_m: 0.000000
[nvblox_node-3]                         workspace_bounds_max_height_m: 1.000000
[nvblox_node-3]                         workspace_bounds_min_corner_x_m: 0.000000
[nvblox_node-3]                         workspace_bounds_max_corner_x_m: 0.000000
[nvblox_node-3]                         workspace_bounds_min_corner_y_m: 2.000000
[nvblox_node-3]                         workspace_bounds_max_corner_y_m: 2.000000
[nvblox_node-3]             projective_appearance_integrator
[nvblox_node-3]                 sphere_tracing_ray_subsampling_factor:: 4
[nvblox_node-3]                 max_weight:: 5.000000
[nvblox_node-3]                 measurement_weight:: 0.800000
[nvblox_node-3]                 weighting_function_type:: kInverseSquareWeight
[nvblox_node-3]                 projective_integrator
[nvblox_node-3]                     truncation_distance_vox:: 4.000000
[nvblox_node-3]                     max_integration_distance_m:: 15.000000
[nvblox_node-3]                     view_calculator
[nvblox_node-3]                         raycast_subsampling_factor: 4
[nvblox_node-3]                         workspace_bounds_type: kUnbounded
[nvblox_node-3]                         workspace_bounds_min_height_m: 0.000000
[nvblox_node-3]                         workspace_bounds_max_height_m: 1.000000
[nvblox_node-3]                         workspace_bounds_min_corner_x_m: 0.000000
[nvblox_node-3]                         workspace_bounds_max_corner_x_m: 0.000000
[nvblox_node-3]                         workspace_bounds_min_corner_y_m: 2.000000
[nvblox_node-3]                         workspace_bounds_max_corner_y_m: 2.000000
[nvblox_node-3]                 view_calculator
[nvblox_node-3]                     raycast_subsampling_factor: 4
[nvblox_node-3]                     workspace_bounds_type: kUnbounded
[nvblox_node-3]                     workspace_bounds_min_height_m: 0.000000
[nvblox_node-3]                     workspace_bounds_max_height_m: 1.000000
[nvblox_node-3]                     workspace_bounds_min_corner_x_m: 0.000000
[nvblox_node-3]                     workspace_bounds_max_corner_x_m: 0.000000
[nvblox_node-3]                     workspace_bounds_min_corner_y_m: 2.000000
[nvblox_node-3]                     workspace_bounds_max_corner_y_m: 2.000000
[nvblox_node-3]             projective_appearance_integrator
[nvblox_node-3]                 sphere_tracing_ray_subsampling_factor:: 4
[nvblox_node-3]                 max_weight:: 5.000000
[nvblox_node-3]                 measurement_weight:: 0.800000
[nvblox_node-3]                 weighting_function_type:: kInverseSquareWeight
[nvblox_node-3]                 projective_integrator
[nvblox_node-3]                     truncation_distance_vox:: 4.000000
[nvblox_node-3]                     max_integration_distance_m:: 15.000000
[nvblox_node-3]                     view_calculator
[nvblox_node-3]                         raycast_subsampling_factor: 4
[nvblox_node-3]                         workspace_bounds_type: kUnbounded
[nvblox_node-3]                         workspace_bounds_min_height_m: 0.000000
[nvblox_node-3]                         workspace_bounds_max_height_m: 1.000000
[nvblox_node-3]                         workspace_bounds_min_corner_x_m: 0.000000
[nvblox_node-3]                         workspace_bounds_max_corner_x_m: 0.000000
[nvblox_node-3]                         workspace_bounds_min_corner_y_m: 2.000000
[nvblox_node-3]                         workspace_bounds_max_corner_y_m: 2.000000
[nvblox_node-3]                 view_calculator
[nvblox_node-3]                     raycast_subsampling_factor: 4
[nvblox_node-3]                     workspace_bounds_type: kUnbounded
[nvblox_node-3]                     workspace_bounds_min_height_m: 0.000000
[nvblox_node-3]                     workspace_bounds_max_height_m: 1.000000
[nvblox_node-3]                     workspace_bounds_min_corner_x_m: 0.000000
[nvblox_node-3]                     workspace_bounds_max_corner_x_m: 0.000000
[nvblox_node-3]                     workspace_bounds_min_corner_y_m: 2.000000
[nvblox_node-3]                     workspace_bounds_max_corner_y_m: 2.000000
[nvblox_node-3]             camera_occupancy_integrator
[nvblox_node-3]                 free_region_log_odds:: -0.847298
[nvblox_node-3]                 occupied_region_log_odds:: 2.197224
[nvblox_node-3]                 unobserved_region_log_odds:: -0.619039
[nvblox_node-3]                 occupied_region_half_width_m:: 0.200000
[nvblox_node-3]                 projective_integrator
[nvblox_node-3]                     truncation_distance_vox:: 4.000000
[nvblox_node-3]                     max_integration_distance_m:: 15.000000
[nvblox_node-3]                     view_calculator
[nvblox_node-3]                         raycast_subsampling_factor: 4
[nvblox_node-3]                         workspace_bounds_type: kUnbounded
[nvblox_node-3]                         workspace_bounds_min_height_m: 0.000000
[nvblox_node-3]                         workspace_bounds_max_height_m: 1.000000
[nvblox_node-3]                         workspace_bounds_min_corner_x_m: 0.000000
[nvblox_node-3]                         workspace_bounds_max_corner_x_m: 0.000000
[nvblox_node-3]                         workspace_bounds_min_corner_y_m: 2.000000
[nvblox_node-3]                         workspace_bounds_max_corner_y_m: 2.000000
[nvblox_node-3]             lidar_occupancy_integrator
[nvblox_node-3]                 free_region_log_odds:: -0.847298
[nvblox_node-3]                 occupied_region_log_odds:: 2.197224
[nvblox_node-3]                 unobserved_region_log_odds:: -0.619039
[nvblox_node-3]                 occupied_region_half_width_m:: 0.200000
[nvblox_node-3]                 projective_integrator
[nvblox_node-3]                     truncation_distance_vox:: 4.000000
[nvblox_node-3]                     max_integration_distance_m:: 15.000000
[nvblox_node-3]                     view_calculator
[nvblox_node-3]                         raycast_subsampling_factor: 4
[nvblox_node-3]                         workspace_bounds_type: kUnbounded
[nvblox_node-3]                         workspace_bounds_min_height_m: 0.000000
[nvblox_node-3]                         workspace_bounds_max_height_m: 1.000000
[nvblox_node-3]                         workspace_bounds_min_corner_x_m: 0.000000
[nvblox_node-3]                         workspace_bounds_max_corner_x_m: 0.000000
[nvblox_node-3]                         workspace_bounds_min_corner_y_m: 2.000000
[nvblox_node-3]                         workspace_bounds_max_corner_y_m: 2.000000
[nvblox_node-3]             esdf_integrator
[nvblox_node-3]                 max_esdf_distance_m:: 2.000000
[nvblox_node-3]                 max_tsdf_site_distance_vox:: 1.000000
[nvblox_node-3]                 tsdf_min_weight:: 2.000000
[nvblox_node-3]                 occupied_threshold_log_odds:: 0.000000
[nvblox_node-3]                 esdf_slice_min_height:: -0.100000
[nvblox_node-3]                 esdf_slice_max_height:: 0.300000
[nvblox_node-3]                 esdf_slice_height:: 0.000000
[nvblox_node-3]                 slice_height_above_plane_m:: 0.000000
[nvblox_node-3]                 slice_height_thickness_m:: 0.100000
[nvblox_node-3]             mesh_integrator
[nvblox_node-3]                 min_weight:: 0.000100
[nvblox_node-3]                 cutoff_distance_vox:: 5.000000
[nvblox_node-3]                 weld_vertices:: 1
[nvblox_node-3]             mesh_integrator
[nvblox_node-3]                 min_weight:: 0.000100
[nvblox_node-3]                 cutoff_distance_vox:: 5.000000
[nvblox_node-3]                 weld_vertices:: 1
[nvblox_node-3]             occupancy_decay_integrator
[nvblox_node-3]                 free_space_decay_log_odds:: 0.200671
[nvblox_node-3]                 occupied_space_decay_log_odds:: -0.847298
[nvblox_node-3]                 decay_to_log_odds_:: 0.000000
[nvblox_node-3]                 decay_integrator
[nvblox_node-3]                     deallocate_decayed_blocks:: 1
[nvblox_node-3]             tsdf_decay_integrator
[nvblox_node-3]                 decay_factor:: 0.950000
[nvblox_node-3]                 decayed_weight_theshold:: 0.001000
[nvblox_node-3]                 set_free_distance_on_decayed:: 0
[nvblox_node-3]                 free_distance_vox:: 4.000000
[nvblox_node-3]                 decay_integrator
[nvblox_node-3]                     deallocate_decayed_blocks:: 1
[nvblox_node-3]             freespace_integrator
[nvblox_node-3]                 max_tsdf_distance_for_occupancy_m:: 0.150000
[nvblox_node-3]                 max_unobserved_to_keep_consecutive_occupancy_ms:: 200
[nvblox_node-3]                 min_duration_since_occupied_for_freespace_ms:: 1000
[nvblox_node-3]                 min_consecutive_occupancy_duration_for_reset_ms:: 2000
[nvblox_node-3]                 check_neighborhood:: 1
[nvblox_node-3]                 initialize_to_high_confidence_freespace:: 0
[nvblox_node-3]         image_masker
[nvblox_node-3]             occlusion_threshold_m:: 0.250000
[nvblox_node-3]         ground_plane_estimator
[nvblox_node-3]             ground_points_candidates_min_z_m:: -0.100000
[nvblox_node-3]             ground_points_candidates_max_z_m:: 0.150000
[nvblox_node-3]             ransac_plane_fitter
[nvblox_node-3]                 num_ransac_iterations:: 1000
[nvblox_node-3]                 ransac_distance_threshold_m:: 0.200000
[nvblox_node-3]             tsdf_zero_crossings_extractor
[nvblox_node-3]                 min_tsdf_weight:: 0.100000
[nvblox_node-3]                 max_crossings:: 360000
[nvblox_node-3] 
[nvblox_node-3] I20260801 22:15:02.963128   958 mapper_impl.h:62] Allocating space for last depth view for sensor type
[hound_seg_dora-2] 22:15:11 INFO    clipseg_encoder: daemon  node is ready
[hound_seg_dora-2] 22:15:11 INFO    seg_refine: daemon  node is ready
[hound_seg_dora-2] 22:15:11 INFO    daemon  all nodes are ready, starting dataflow
[hound_seg_dora-2] 22:15:12 INFO    clipseg_encoder: opentelemetry  Global meter provider is set. Meters can now be created using global::meter() or global::meter_with_scope().
[hound_seg_dora-2] 22:15:12 INFO    seg_refine: opentelemetry  Global meter provider is set. Meters can now be created using global::meter() or global::meter_with_scope().
[hound_seg_dora-2] 22:15:12 stdout  seg_refine:  /usr/local/lib/python3.12/dist-packages/torch/cuda/__init__.py:384: UserWarning: Found GPU0 Orin which is of compute capability (CC) 8.7.
[hound_seg_dora-2] 22:15:12 stdout  seg_refine:  The following list shows the CCs this version of PyTorch was built for and the hardware CCs it supports:
[hound_seg_dora-2] 22:15:12 stdout  seg_refine:  - 8.0 which supports hardware CC >=8.0,<9.0 except {8.7}
[hound_seg_dora-2] 22:15:12 stdout  seg_refine:  - 9.0 which supports hardware CC >=9.0,<10.0
[hound_seg_dora-2] 22:15:12 stdout  seg_refine:  - 10.0 which supports hardware CC >=10.0,<11.0 except {10.1}
[hound_seg_dora-2] 22:15:12 stdout  seg_refine:  - 11.0 which supports hardware CC >=11.0,<12.0
[hound_seg_dora-2] 22:15:12 stdout  seg_refine:  - 12.0 which supports hardware CC >=12.0,<13.0
[hound_seg_dora-2] 22:15:12 stdout  seg_refine:    _warn_unsupported_code(d, device_cc, code_ccs)
[hound_seg_dora-2] 22:15:12 stdout  clipseg_encoder:  /usr/local/lib/python3.12/dist-packages/torch/cuda/__init__.py:384: UserWarning: Found GPU0 Orin which is of compute capability (CC) 8.7.
[hound_seg_dora-2] 22:15:12 stdout  clipseg_encoder:  The following list shows the CCs this version of PyTorch was built for and the hardware CCs it supports:
[hound_seg_dora-2] 22:15:12 stdout  clipseg_encoder:  - 8.0 which supports hardware CC >=8.0,<9.0 except {8.7}
[hound_seg_dora-2] 22:15:12 stdout  clipseg_encoder:  - 9.0 which supports hardware CC >=9.0,<10.0
[hound_seg_dora-2] 22:15:12 stdout  clipseg_encoder:  - 10.0 which supports hardware CC >=10.0,<11.0 except {10.1}
[hound_seg_dora-2] 22:15:12 stdout  clipseg_encoder:  - 11.0 which supports hardware CC >=11.0,<12.0
[hound_seg_dora-2] 22:15:12 stdout  clipseg_encoder:  - 12.0 which supports hardware CC >=12.0,<13.0
[hound_seg_dora-2] 22:15:12 stdout  clipseg_encoder:    _warn_unsupported_code(d, device_cc, code_ccs)
[hound_seg_dora-2] 22:15:12 stdout  seg_refine:  [INFO] [1785622512.188659708] [dora_seg_refine]: Loading CLIPSeg model 'CIDAS/clipseg-rd16' ...
[hound_seg_dora-2] 22:15:12 stdout  clipseg_encoder:  [INFO] [1785622512.213755616] [dora_clipseg_encoder]: Loading CLIPSeg model 'CIDAS/clipseg-rd16' ...
[hound_seg_dora-2] 22:15:12 stdout  clipseg_encoder:  Warning: You are sending unauthenticated requests to the HF Hub. Please set a HF_TOKEN to enable higher rate limits and faster downloads.
[hound_seg_dora-2] 22:15:12 stdout  seg_refine:  Warning: You are sending unauthenticated requests to the HF Hub. Please set a HF_TOKEN to enable higher rate limits and faster downloads.
[hound_seg_dora-2] 22:15:14 stdout  clipseg_encoder:  Loading weights:   0%|          | 0/458 [00:00<?, ?it/s]Loading weights:  46%|████▋     | 212/458 [00:00<00:00, 2108.81it/s]Loading weights:  95%|█████████▌| 436/458 [00:00<00:00, 2185.45it/s]Loading weights: 100%|██████████| 458/458 [00:00<00:00, 2266.02it/s]
[hound_seg_dora-2] 22:15:14 stdout  seg_refine:  Loading weights:   0%|          | 0/458 [00:00<?, ?it/s]Loading weights:  47%|████▋     | 214/458 [00:00<00:00, 2113.93it/s]Loading weights:  93%|█████████▎| 426/458 [00:00<00:00, 2082.17it/s]Loading weights: 100%|██████████| 458/458 [00:00<00:00, 2163.59it/s]
[hound_seg_dora-2] 22:15:15 stdout  seg_refine:  [INFO] [1785622515.511875151] [dora_seg_refine]: torch.compile(decoder, mode='reduce-overhead') ...
[hound_seg_dora-2] 22:15:15 stdout  clipseg_encoder:  [INFO] [1785622515.515399317] [dora_clipseg_encoder]: Loading CLIPSeg vision TensorRT engine: /root/colcon_ws/src/perception_models/data/clipseg_vision_rd16_224.engine
[hound_seg_dora-2] 22:15:16 stdout  clipseg_encoder:  [08/01/2026-22:15:16] [TRT] [W] Using an engine plan file across different models of devices is not supported and is likely to affect performance or even cause errors or deadlock.
[hound_seg_dora-2] 22:15:16 stdout  clipseg_encoder:  [08/01/2026-22:15:16] [TRT] [W] Using default stream in enqueueV3() may lead to performance issues due to additional calls to cudaStreamSynchronize() by TensorRT to ensure correct synchronization. Please use non-default stream instead.
[hound_seg_dora-2] 22:15:16 stdout  clipseg_encoder:  [INFO] [1785622516.723313928] [dora_clipseg_encoder]: CLIPSeg TRT vision warmup complete.
[hound_seg_dora-2] 22:15:16 stdout  clipseg_encoder:  [INFO] [1785622516.726984439] [dora_clipseg_encoder]: feature handoff: Arrow float16 (CUDA IPC unsupported on this GPU — normal on Jetson/Tegra)
[hound_seg_dora-2] 22:15:16 stdout  clipseg_encoder:  [INFO] [1785622516.727603385] [dora_clipseg_encoder]: dora clipseg_encoder up: /camera/color/image_raw -> features+rgb (encode=trt, event-driven)
[hound_seg_dora-2] 22:15:21 stdout  seg_refine:  [INFO] [1785622521.495640431] [dora_seg_refine]: CLIPSeg decoder warmup/compile complete.
[hound_seg_dora-2] 22:15:21 stdout  seg_refine:  [INFO] [1785622521.514785473] [dora_seg_refine]: Loading NanoSAM (TensorRT) ...
[hound_seg_dora-2] 22:15:21 stdout  seg_refine:  [INFO] [1785622521.525109380] [dora_seg_refine]: NanoSAM encoder engine=/root/colcon_ws/src/perception_models/data/resnet18_image_encoder_512.engine size=512 feature=32
[hound_seg_dora-2] 22:15:21 stdout  seg_refine:  [08/01/2026-22:15:21] [TRT] [W] Using an engine plan file across different models of devices is not supported and is likely to affect performance or even cause errors or deadlock.
[hound_seg_dora-2] 22:15:21 stdout  seg_refine:  /root/colcon_ws/build/perception_models/perception_models/nanosam_trt/refiner.py:73: UserWarning: The given NumPy array is not writable, and PyTorch does not support non-writable tensors. This means writing to this tensor will result in undefined behavior. You may want to copy the array to protect its data or make it writable before converting it to a tensor. This type of warning will be suppressed for the rest of this program. (Triggered internally at /pytorch/torch/csrc/utils/tensor_numpy.cpp:213.)
[hound_seg_dora-2] 22:15:21 stdout  seg_refine:    image_torch = torch.from_numpy(image_np).permute(2, 0, 1)
[hound_seg_dora-2] 22:15:21 stdout  seg_refine:  [08/01/2026-22:15:21] [TRT] [W] Using default stream in enqueueV3() may lead to performance issues due to additional calls to cudaStreamSynchronize() by TensorRT to ensure correct synchronization. Please use non-default stream instead.
[hound_seg_dora-2] 22:15:21 stdout  seg_refine:  [INFO] [1785622521.945775379] [dora_seg_refine]: NanoSAM encoder warmup complete
[hound_seg_dora-2] 22:15:21 stdout  seg_refine:  [INFO] [1785622521.946506268] [dora_seg_refine]: NanoSAM decoder engine=/root/colcon_ws/src/perception_models/data/mobile_sam_mask_decoder_batched_512.engine canvas=512 feature=32 mask_in=128
[hound_seg_dora-2] 22:15:21 stdout  seg_refine:  [08/01/2026-22:15:21] [TRT] [W] WARNING The logger passed into createInferRuntime differs from one already registered for an existing builder, runtime, or refitter. So the current new logger is ignored, and TensorRT will use the existing one which is returned by nvinfer1::getLogger() instead.
[hound_seg_dora-2] 22:15:21 stdout  seg_refine:  [08/01/2026-22:15:21] [TRT] [W] Using an engine plan file across different models of devices is not supported and is likely to affect performance or even cause errors or deadlock.
[hound_seg_dora-2] 22:15:22 stdout  seg_refine:  [08/01/2026-22:15:22] [TRT] [W] Using default stream in enqueueV3() may lead to performance issues due to additional calls to cudaStreamSynchronize() by TensorRT to ensure correct synchronization. Please use non-default stream instead.
[hound_seg_dora-2] 22:15:22 stdout  seg_refine:  [INFO] [1785622522.239263518] [dora_seg_refine]: NanoSAM mask decoder: batched prompts OK
[hound_seg_dora-2] 22:15:22 stdout  seg_refine:  [INFO] [1785622522.239896513] [dora_seg_refine]: NanoSAM decoder warmup complete (mode=batched).
[hound_seg_dora-2] 22:15:22 stdout  seg_refine:  [INFO] [1785622522.240528485] [dora_seg_refine]: CUDA streams: FiLM ∥ SAM-encode, then SAM-decode
[hound_seg_dora-2] 22:15:22 stdout  seg_refine:  [INFO] [1785622522.243836062] [dora_seg_refine]: dora seg_refine up: features -> /segmentation/labels + NanoSAM streams=True sam_boxes_nav=6 manip=8
[hound_seg_dora-2] 22:15:23 stdout  seg_refine:  [INFO] [1785622523.745730479] [dora_seg_refine]: CLIPSeg FiLM map (11, 224, 224) (~14x14 token grid)
